// Jest Snapshot v1, https://goo.gl/fbAQLP

exports[`App Component should have a heading element 1`] = `
<DocumentFragment>
  <div
    class="gridLayout"
  >
    <aside
      class="sidebar"
    >
      <div>
        <form
          class="container"
        >
          <div
            class="inputGroup"
          >
            <div
              class="inputWrapper"
            >
              <input
                class="inputField"
                id="postcode-«r0»"
                name="postcode"
                placeholder="Enter UK Postcode"
                type="text"
                value=""
              />
            </div>
          </div>
          <button
            class="buttonBase filled"
            type="submit"
          >
            Search
          </button>
        </form>
      </div>
    </aside>
    <main
      class="mainContent"
    >
      <div
        style="display: flex; gap: 1rem;"
      >
        <div
          class="inputGroup"
        >
          <div
            class="inputWrapper"
          >
            <input
              class="inputField"
              placeholder="Filter by name or cuisine or place"
              type="text"
              value=""
            />
          </div>
        </div>
        <div
          class="dropdownGroup"
        >
          <div
            class="dropdownWrapper"
          >
            <select
              class="dropdownField"
            >
              <option
                value=""
              >
                Sort by
              </option>
              <option
                value="rating"
              >
                Reviews
              </option>
              <option
                value="driveDistanceMeters"
              >
                Delivery time
              </option>
              <option
                value="minimumDeliveryValue"
              >
                Delivery cost
              </option>
            </select>
            <span
              aria-hidden="true"
              class="dropdownIcon"
            >
              ▾
            </span>
          </div>
        </div>
      </div>
    </main>
  </div>
</DocumentFragment>
`;
